// Jest Snapshot v1, https://goo.gl/fbAQLP

exports[`Tests banner renders correctly 1`] = `
<div>
  <div
    className="picture-banner"
    style={
      Object {
        "backgroundImage": "url(coat1)",
      }
    }
  />
  <span>
    100
  </span>
  <br />
  <span>
    product1
  </span>
  <br />
</div>
`;
